// Jest Snapshot v1, https://goo.gl/fbAQLP

exports[`app-col.js Содержимое html для app-row  1`] = `
<div
  class="col col-sm-auto col-md col-xl-4 col-xxl-6 offset-3 offset-sm-2 offset-md-3 offset-xl-4 offset-xxl-6 simple"
  id="indent"
  style="background: white;"
/>
`;
