// Jest Snapshot v1, https://goo.gl/fbAQLP

exports[`app-input-range.js Содержимое html для app-input-range  1`] = `
<input
  class="form-range simple simple-xl"
  id="indent"
  placeholder="Предпоказ текста"
  style="background: white;"
  type="range"
  value="тест"
/>
`;
