// Jest Snapshot v1, https://goo.gl/fbAQLP

exports[`app-sup.js Содержимое html для app-sup  1`] = `
<sup
  class="simple simple-xl"
  id="indent"
  style="background: white;"
>
  Содержимое
</sup>
`;
