// Jest Snapshot v1, https://goo.gl/fbAQLP

exports[`app-optgroup.js Содержимое html для app-optgroup  1`] = `
<optgroup
  class="simple simple-xl"
  id="indent"
  style="background: white;"
/>
`;
