// Jest Snapshot v1, https://goo.gl/fbAQLP

exports[`app-g-col.js Содержимое html для app-g-col  1`] = `
<div
  class="g-col g-col-sm-auto g-col-md g-col-xl-4 g-col-xxl-6 offset-3 offset-sm-2 offset-md-3 offset-xl-4 offset-xxl-6 simple"
  id="indent"
  style="background: white;"
/>
`;
