// Jest Snapshot v1, https://goo.gl/fbAQLP

exports[`app-dd.js Содержимое html для app-dd  1`] = `
<dd
  class="simple simple-xl"
  id="indent"
  style="background: white;"
>
  Содержимое
</dd>
`;
