// Jest Snapshot v1, https://goo.gl/fbAQLP

exports[`app-mark.js Содержимое html для app-mark  1`] = `
<mark
  class="simple simple-xl"
  id="indent"
  style="background: white;"
>
  Содержимое
</mark>
`;
