// Jest Snapshot v1, https://goo.gl/fbAQLP

exports[`app-button.js Содержимое html для app-button  1`] = `
<button
  class="btn btn-primary btn-lg simple simple-xl"
  id="indent"
  style="background: white;"
>
  Содержимое
</button>
`;
