// Jest Snapshot v1, https://goo.gl/fbAQLP

exports[`app-blockquote.js Содержимое html для app-blockquote  1`] = `
<blockquote
  class="simple simple-xl"
  id="indent"
  style="background: white;"
>
  Содержимое
</blockquote>
`;
