// Jest Snapshot v1, https://goo.gl/fbAQLP

exports[`app-h.js Содержимое html для app-h  1`] = `
<h6
  class="simple simple-xl"
  id="indent"
  style="background: white"
>
  Содержимое
</h6>
`;
