// Jest Snapshot v1, https://goo.gl/fbAQLP

exports[`app-thead.js Содержимое html для app-thead  1`] = `
<thead
  class="simple simple-xl"
  id="indent"
  style="background: white;"
>
  Содержимое
</thead>
`;
