// Jest Snapshot v1, https://goo.gl/fbAQLP

exports[`app-output.js Содержимое html для app-output  1`] = `
<output
  class="simple simple-xl"
  id="indent"
  style="background: white;"
>
  Содержимое
</output>
`;
