// Jest Snapshot v1, https://goo.gl/fbAQLP

exports[`app-h-display.js Содержимое html для app-h-display  1`] = `
<h6
  class=" display-4 simple simple-xl"
  id="indent"
  style="background: white"
>
  Содержимое
</h6>
`;
