// Jest Snapshot v1, https://goo.gl/fbAQLP

exports[`app-btn-group.js Содержимое html для app-btn-group  1`] = `
<div
  class="btn-group btn-group-vertical simple simple-xl"
  id="indent"
  role="group"
  style="background: white;"
>
  Содержимое
</div>
`;
