// Jest Snapshot v1, https://goo.gl/fbAQLP

exports[`app-strong.js Содержимое html для app-strong  1`] = `
<strong
  class="simple simple-xl"
  id="indent"
  style="background: white"
>
  Содержимое
</strong>
`;
