// Jest Snapshot v1, https://goo.gl/fbAQLP

exports[`app-ol-ul.js Содержимое html для app-ol-ul  1`] = `
<ul
  class="simple simple-xl"
  id="indent"
  style="background: white"
>
  <li>
    Тест
  </li>
</ul>
`;
