// Jest Snapshot v1, https://goo.gl/fbAQLP

exports[`app-row.js Содержимое html для app-row  1`] = `
<div
  class="row row-cols-auto row-cols-sm-auto row-cols-md-auto row-cols-lg-auto row-cols-xl-auto row-cols-xxl-auto simple"
  id="indent"
  style="background: white;"
/>
`;
