// Jest Snapshot v1, https://goo.gl/fbAQLP

exports[`app-textarea.js Содержимое html для app-textarea  1`] = `
<textarea
  class="simple simple-xl"
  id="indent"
  style="background: white;"
>
    &lt;slot&gt;&lt;/slot&gt;

</textarea>
`;
