// Jest Snapshot v1, https://goo.gl/fbAQLP

exports[`app-abbr.js Содержимое html для app-abbr  1`] = `
<abbr
  class="initialism simple simple-xl"
  id="indent"
  style="background: white;"
  title="Подсказка"
>
  Содержимое
</abbr>
`;
