// Jest Snapshot v1, https://goo.gl/fbAQLP

exports[`app-li.js Содержимое html для app-li  1`] = `
<li
  class="list-inline-item simple simple-xl"
  id="indent"
  style="background: white;"
>
  <li>
    Тест
  </li>
</li>
`;
