// Jest Snapshot v1, https://goo.gl/fbAQLP

exports[`app-summary.js Содержимое html для app-summary  1`] = `
<summary
  class="simple simple-xl"
  id="indent"
  style="background: white;"
>
  Содержимое
</summary>
`;
