// Jest Snapshot v1, https://goo.gl/fbAQLP

exports[`app-table.js Содержимое html для app-table  1`] = `
<table
  class="table simple"
  id="indent"
  style="background: white;"
/>
`;
