// Jest Snapshot v1, https://goo.gl/fbAQLP

exports[`app-label.js Содержимое html для app-label  1`] = `
<label
  class="form-label simple simple-xl"
  id="indent"
  style="background: white;"
>
  Содержимое
</label>
`;
