// Jest Snapshot v1, https://goo.gl/fbAQLP

exports[`app-fieldset.js Содержимое html для app-fieldset  1`] = `
<fieldset
  class="simple simple-xl"
  id="indent"
  style="background: white;"
>
  Содержимое
</fieldset>
`;
