// Jest Snapshot v1, https://goo.gl/fbAQLP

exports[`app-select.js Содержимое html для app-select  1`] = `
<select
  class="form-select form-select-sm simple simple-xl"
  id="indent"
  style="background: white;"
>
  Содержимое
</select>
`;
