// Jest Snapshot v1, https://goo.gl/fbAQLP

exports[`app-input-check.js Содержимое html для app-input-check  1`] = `
<input
  class="simple simple-xl"
  id="indent"
  placeholder="Предпоказ текста"
  style="background: white;"
  type="radio"
  value="тест"
/>
`;
