// Jest Snapshot v1, https://goo.gl/fbAQLP

exports[`app-small.js Содержимое html для app-small  1`] = `
<small
  class="simple simple-xl"
  id="indent"
  style="background: white;"
>
  Содержимое
</small>
`;
