// Jest Snapshot v1, https://goo.gl/fbAQLP

exports[`app-p.js Содержимое html для app-p  1`] = `
<p
  class="simple simple-xl"
  id="indent"
  style="background: white;"
>
  Содержимое
</p>
`;
