// Jest Snapshot v1, https://goo.gl/fbAQLP

exports[`app-legend.js Содержимое html для app-legend  1`] = `
<legend
  class="simple simple-xl"
  id="indent"
  style="background: white;"
>
  Содержимое
</legend>
`;
