// Jest Snapshot v1, https://goo.gl/fbAQLP

exports[`app-dt.js Содержимое html для app-dt  1`] = `
<dt
  class="simple simple-xl"
  id="indent"
  style="background: white;"
>
  Содержимое
</dt>
`;
