// Jest Snapshot v1, https://goo.gl/fbAQLP

exports[`app-iframe.js Содержимое html для app-iframe  1`] = `
<iframe
  class="simple simple-xl"
  id="indent"
  style="background: white;"
>
  Содержимое
</iframe>
`;
